Test bootstrap loaded
PHPUnit 9.6.34 by Sebastian Bergmann and contributors.

Runtime:       PHP 8.1.33
Configuration: app/public/wp-content/plugins/khm-plugin/phpunit.xml

................KHM landing landing.view {"schedule_id":"sch_123","sponsor_id":"sp_456","utm_source":"newsletter","source":"landing"}
.KHM landing landing.success {"session_id":"cs_test_success_001","schedule_id":"sch_123","sponsor_id":"sp_456","consent":1,"membership_status":"active"}
.KHM landing landing.success {"session_id":"cs_test_success_002","schedule_id":"sch_123","sponsor_id":"","consent":0,"membership_status":"active"}
...KHM landing landing.submit {"session_id":"cs_test_df439ce7bb2256e6","schedule_id":"sch_optout_001","sponsor_id":"","consent":1,"source":"landing"}
..KHM webhook membership.attribution.confirmed {"user_id":123,"schedule_id":77,"reference":"cs_optout_001","consent":0}
KHM webhook membership.signup {"user_id":123,"tier":11,"attribution_id":"","payment_type":"subscription"}
KHM webhook landing.success {"user_id":123,"schedule_id":77,"sponsor_id":11,"utm_source":"newsletter","utm_campaign":"spring","reference":"cs_optout_001"}
KHM webhook membership.email.skipped {"type":"welcome","user_id":123,"reason":"transactional_emails_disabled","reference":"cs_optout_001"}
KHM webhook membership.email.skipped {"type":"payment","user_id":123,"reason":"transactional_emails_disabled","reference":"session:cs_optout_001"}
KHM webhook webhook.processed {"event_id":"evt_optout_001","event_type":"checkout.session.completed","trace_id":"ea1f05e7-906d-4395-b2a0-56b1efcf7713","latency_ms":2}
KHM webhook webhook.received {"event_id":"evt_optout_001","event_type":"checkout.session.completed","latency_ms":86}
....KHM landing landing.submit {"session_id":"cs_test_dae2bc5a44178609","schedule_id":"sch_125","sponsor_id":"","consent":1,"source":"landing"}
............KHM landing landing.submit {"session_id":"cs_test_89467c24312293ea","schedule_id":"sch_matrix_001","sponsor_id":"","consent":1,"source":"landing"}
.KHM landing landing.submit {"session_id":"cs_test_9cf300d4ee22fd74","schedule_id":"sch_matrix_002","sponsor_id":"","consent":0,"source":"landing"}
.KHM landing landing.submit {"session_id":"cs_test_bf8673124559d60e","schedule_id":"sch_matrix_003","sponsor_id":"","consent":1,"source":"landing"}
.KHM landing landing.submit {"session_id":"cs_test_3b32b2dc26c45b3a","schedule_id":"sch_123","sponsor_id":"","consent":1,"source":"landing"}
.KHM landing landing.submit {"session_id":"cs_test_985e17f16425d258","schedule_id":"sch_123","sponsor_id":"","consent":1,"source":"landing"}
..KHM landing landing.submit {"session_id":"cs_test_42ea8942b2a11de2","schedule_id":"sch_123","sponsor_id":"","consent":0,"source":"landing"}
..KHM landing landing.submit {"session_id":"cs_test_fc314805c01e1ac6","schedule_id":"sch_123","sponsor_id":"","consent":1,"source":"landing"}
.......KHM webhook processing failed | event_id=evt_err_null_obj | type=invoice.paid | trace_id=22914e99-8860-4416-b0f3-0bdd76347a58 | error=invoice.paid unable to resolve user
KHM webhook webhook.failed {"event_id":"evt_err_null_obj","event_type":"invoice.paid","trace_id":"22914e99-8860-4416-b0f3-0bdd76347a58","error":"invoice.paid unable to resolve user"}
KHM webhook webhook.received {"event_id":"evt_err_null_obj","event_type":"invoice.paid","latency_ms":0}
KHM webhook processing failed | event_id=evt_err_null_obj | type=invoice.paid | trace_id=trace-null-obj | error=invoice.paid unable to resolve user
KHM webhook webhook.failed {"event_id":"evt_err_null_obj","event_type":"invoice.paid","trace_id":"trace-null-obj","error":"invoice.paid unable to resolve user"}
.KHM webhook processing failed | event_id=evt_err_ctx | type=invoice.paid | trace_id=81eda7e1-1eac-4573-9ea0-197aba73fff3 | error=invoice.paid unable to resolve user
KHM webhook webhook.failed {"event_id":"evt_err_ctx","event_type":"invoice.paid","trace_id":"81eda7e1-1eac-4573-9ea0-197aba73fff3","error":"invoice.paid unable to resolve user"}
KHM webhook webhook.received {"event_id":"evt_err_ctx","event_type":"invoice.paid","latency_ms":0}
KHM webhook processing failed | event_id=evt_err_ctx | type=invoice.paid | trace_id=trace-ctx-001 | error=invoice.paid unable to resolve user
KHM webhook webhook.failed {"event_id":"evt_err_ctx","event_type":"invoice.paid","trace_id":"trace-ctx-001","error":"invoice.paid unable to resolve user"}
.KHM webhook processing failed | event_id=evt_err_mark | type=invoice.paid | trace_id=faa412dd-c750-45c8-8727-e13ef136fde7 | error=invoice.paid unable to resolve user
KHM webhook webhook.failed {"event_id":"evt_err_mark","event_type":"invoice.paid","trace_id":"faa412dd-c750-45c8-8727-e13ef136fde7","error":"invoice.paid unable to resolve user"}
KHM webhook webhook.received {"event_id":"evt_err_mark","event_type":"invoice.paid","latency_ms":0}
KHM webhook processing failed | event_id=evt_err_mark | type=invoice.paid | trace_id=trace-mark | error=invoice.paid unable to resolve user
KHM webhook webhook.failed {"event_id":"evt_err_mark","event_type":"invoice.paid","trace_id":"trace-mark","error":"invoice.paid unable to resolve user"}
.KHM webhook processing failed | event_id=evt_err_dl | type=invoice.paid | trace_id=06286675-30b4-4b05-b5cd-d2fd45dc8882 | error=invoice.paid unable to resolve user
KHM webhook webhook.failed {"event_id":"evt_err_dl","event_type":"invoice.paid","trace_id":"06286675-30b4-4b05-b5cd-d2fd45dc8882","error":"invoice.paid unable to resolve user"}
KHM webhook webhook.received {"event_id":"evt_err_dl","event_type":"invoice.paid","latency_ms":0}
KHM webhook processing failed | event_id=evt_err_dl | type=invoice.paid | trace_id=trace-dl-001 | error=invoice.paid unable to resolve user
KHM webhook webhook.failed {"event_id":"evt_err_dl","event_type":"invoice.paid","trace_id":"trace-dl-001","error":"invoice.paid unable to resolve user"}
.KHM webhook processing failed | event_id=evt_err_both | type=invoice.paid | trace_id=ef81e669-7301-42e9-9950-d526d8b636b3 | error=invoice.paid unable to resolve user
KHM webhook webhook.failed {"event_id":"evt_err_both","event_type":"invoice.paid","trace_id":"ef81e669-7301-42e9-9950-d526d8b636b3","error":"invoice.paid unable to resolve user"}
KHM webhook webhook.received {"event_id":"evt_err_both","event_type":"invoice.paid","latency_ms":0}
KHM webhook processing failed | event_id=evt_err_both | type=invoice.paid | trace_id=trace-both-999 | error=invoice.paid unable to resolve user
KHM webhook webhook.failed {"event_id":"evt_err_both","event_type":"invoice.paid","trace_id":"trace-both-999","error":"invoice.paid unable to resolve user"}
.KHM webhook webhook.invalid_signature {"code":"khm_invalid_signature","message":"No signatures found matching the expected signature for payload"}
.KHM webhook processing failed | event_id=evt_signed_exc_001 | type=invoice.paid | trace_id=972383e6-93db-4291-9fe2-d3709e6db136 | error=invoice.paid unable to resolve user
KHM webhook webhook.failed {"event_id":"evt_signed_exc_001","event_type":"invoice.paid","trace_id":"972383e6-93db-4291-9fe2-d3709e6db136","error":"invoice.paid unable to resolve user"}
KHM webhook webhook.received {"event_id":"evt_signed_exc_001","event_type":"invoice.paid","latency_ms":0}
KHM webhook processing failed | event_id=evt_signed_exc_001 | type=invoice.paid | trace_id=trace-signed-exc-001 | error=invoice.paid unable to resolve user
KHM webhook webhook.failed {"event_id":"evt_signed_exc_001","event_type":"invoice.paid","trace_id":"trace-signed-exc-001","error":"invoice.paid unable to resolve user"}
.KHM webhook membership.attribution.created {"user_id":101,"schedule_id":10,"sponsor_id":20,"reference":"cs_fixture_signed_001"}
KHM webhook membership.attribution.confirmed {"user_id":101,"schedule_id":10,"reference":"cs_fixture_signed_001","consent":1}
KHM webhook membership.signup {"user_id":101,"tier":87,"attribution_id":"","payment_type":"subscription"}
KHM webhook landing.success {"user_id":101,"schedule_id":10,"sponsor_id":20,"utm_source":"newsletter","utm_campaign":"spring_launch","reference":"cs_fixture_signed_001"}
KHM webhook membership.email.skipped {"type":"welcome","user_id":101,"reason":"transactional_emails_disabled","reference":"cs_fixture_signed_001"}
KHM webhook membership.email.skipped {"type":"payment","user_id":101,"reason":"transactional_emails_disabled","reference":"session:cs_fixture_signed_001"}
KHM webhook webhook.processed {"event_id":"evt_checkout_signed_001","event_type":"checkout.session.completed","trace_id":"1004ad7f-ac0d-46ab-81df-1dcfc1d64ec9","latency_ms":0}
KHM webhook webhook.received {"event_id":"evt_checkout_signed_001","event_type":"checkout.session.completed","latency_ms":0}
.KHM webhook membership.renewal {"user_id":202,"invoice_id":"in_fixture_001","subscription_id":"sub_fixture_001"}
KHM webhook membership.email.skipped {"type":"payment","user_id":202,"reason":"transactional_emails_disabled","reference":"invoice:in_fixture_001"}
KHM webhook webhook.processed {"event_id":"evt_invoice_signed_001","event_type":"invoice.paid","trace_id":"3e00ee6b-ef6a-4ba1-bc32-4b9dcffd6664","latency_ms":0}
KHM webhook webhook.received {"event_id":"evt_invoice_signed_001","event_type":"invoice.paid","latency_ms":0}
.KHM webhook membership.attribution.created {"user_id":101,"schedule_id":777,"sponsor_id":0,"reference":"cs_temp_fallback_001"}
KHM webhook membership.attribution.confirmed {"user_id":101,"schedule_id":777,"reference":"cs_temp_fallback_001","consent":1}
KHM webhook membership.signup {"user_id":101,"tier":104,"attribution_id":"","payment_type":"subscription"}
KHM webhook landing.success {"user_id":101,"schedule_id":777,"sponsor_id":0,"utm_source":"","utm_campaign":"spring_launch","reference":"cs_temp_fallback_001"}
KHM webhook membership.email.skipped {"type":"welcome","user_id":101,"reason":"transactional_emails_disabled","reference":"cs_temp_fallback_001"}
KHM webhook membership.email.skipped {"type":"payment","user_id":101,"reason":"transactional_emails_disabled","reference":"session:cs_temp_fallback_001"}
KHM webhook webhook.processed {"event_id":"evt_checkout_temp_fallback_001","event_type":"checkout.session.completed","trace_id":"4ef4de8a-3a47-4e34-ad7e-1176ee42d405","latency_ms":0}
KHM webhook webhook.received {"event_id":"evt_checkout_temp_fallback_001","event_type":"checkout.session.completed","latency_ms":0}
.KHM webhook webhook.invalid_event {"payload_hash":"daab6100e0e84fe7382b4a78535e504971260ce5e84422a52b85d68e70719aa9"}
. 65 / 90 ( 72%)
KHM webhook membership.renewal {"user_id":999,"invoice_id":"in_test_12345","subscription_id":""}
KHM webhook membership.email.skipped {"type":"payment","user_id":999,"reason":"transactional_emails_disabled","reference":"invoice:in_test_12345"}
KHM webhook webhook.processed {"event_id":"evt_test_12345","event_type":"invoice.paid","trace_id":"cd897a7c-8777-48ce-8a26-6d3d4582c221","latency_ms":0}
KHM webhook webhook.received {"event_id":"evt_test_12345","event_type":"invoice.paid","latency_ms":0}
.KHM webhook membership.renewal {"user_id":999,"invoice_id":"in_test_12345","subscription_id":""}
KHM webhook membership.email.skipped {"type":"payment","user_id":999,"reason":"transactional_emails_disabled","reference":"invoice:in_test_12345"}
KHM webhook webhook.processed {"event_id":"evt_test_12345","event_type":"invoice.paid","trace_id":"96ef9ad3-86f4-49bc-bfb1-cff75bd52d58","latency_ms":0}
KHM webhook webhook.received {"event_id":"evt_test_12345","event_type":"invoice.paid","latency_ms":0}
.KHM webhook membership.attribution.confirmed {"user_id":123,"schedule_id":0,"reference":"cs_test123","consent":0}
KHM webhook membership.attribution.missing {"user_id":123,"reference":"cs_test123","reason":"missing_schedule_id"}
KHM webhook membership.signup {"user_id":123,"tier":128,"attribution_id":"","payment_type":"subscription"}
KHM webhook landing.success {"user_id":123,"schedule_id":0,"sponsor_id":0,"utm_source":"","utm_campaign":"","reference":"cs_test123"}
KHM webhook membership.email.skipped {"type":"welcome","user_id":123,"reason":"transactional_emails_disabled","reference":"cs_test123"}
KHM webhook membership.email.skipped {"type":"payment","user_id":123,"reason":"transactional_emails_disabled","reference":"session:cs_test123"}
KHM webhook webhook.processed {"event_id":"evt_checkout_completed","event_type":"checkout.session.completed","trace_id":"43fd6b61-1792-493f-909d-170b864c355a","latency_ms":0}
KHM webhook webhook.received {"event_id":"evt_checkout_completed","event_type":"checkout.session.completed","latency_ms":0}
.KHM webhook membership.attribution.confirmed {"user_id":123,"schedule_id":0,"reference":"cs_test123","consent":0}
KHM webhook membership.attribution.missing {"user_id":123,"reference":"cs_test123","reason":"missing_schedule_id"}
KHM webhook membership.signup {"user_id":123,"tier":138,"attribution_id":"","payment_type":"subscription"}
KHM webhook landing.success {"user_id":123,"schedule_id":0,"sponsor_id":0,"utm_source":"","utm_campaign":"","reference":"cs_test123"}
KHM webhook membership.email.skipped {"type":"welcome","user_id":123,"reason":"transactional_emails_disabled","reference":"cs_test123"}
KHM webhook membership.email.skipped {"type":"payment","user_id":123,"reason":"transactional_emails_disabled","reference":"session:cs_test123"}
KHM webhook webhook.processed {"event_id":"evt_checkout_completed","event_type":"checkout.session.completed","trace_id":"b994c93f-f179-4098-871b-9389ded0c4d6","latency_ms":0}
KHM webhook webhook.received {"event_id":"evt_checkout_completed","event_type":"checkout.session.completed","latency_ms":0}
..KHM webhook membership.renewal {"user_id":123,"invoice_id":"in_paid_123","subscription_id":""}
KHM webhook membership.email.skipped {"type":"payment","user_id":123,"reason":"transactional_emails_disabled","reference":"invoice:in_paid_123"}
KHM webhook webhook.processed {"event_id":"evt_invoice_paid","event_type":"invoice.paid","trace_id":"3f485578-a324-4bc3-a3d8-8dc20231b5ed","latency_ms":0}
KHM webhook webhook.received {"event_id":"evt_invoice_paid","event_type":"invoice.paid","latency_ms":0}
.KHM webhook membership.payment_failed {"user_id":456,"invoice_id":"in_failed_456","reason":""}
KHM webhook webhook.processed {"event_id":"evt_payment_failed","event_type":"invoice.payment_failed","trace_id":"6b9659c5-056e-4d48-b4e0-aa38cc98ea6a","latency_ms":0}
KHM webhook webhook.received {"event_id":"evt_payment_failed","event_type":"invoice.payment_failed","latency_ms":0}
.KHM webhook webhook.processed {"event_id":"evt_sub_deleted","event_type":"customer.subscription.deleted","trace_id":"c52bc392-6222-47cb-90e0-5cd57e5d3a10","latency_ms":0}
KHM webhook webhook.received {"event_id":"evt_sub_deleted","event_type":"customer.subscription.deleted","latency_ms":0}
.KHM webhook webhook.processed {"event_id":"evt_unknown","event_type":"customer.unknown_event","trace_id":"c3f1c0c1-cfc8-448c-a45c-63dab50e71a7","latency_ms":0}
KHM webhook webhook.received {"event_id":"evt_unknown","event_type":"customer.unknown_event","latency_ms":0}
.KHM webhook processing failed | event_id=evt_rate_1 | type=invoice.paid | trace_id=afdfe042-b2db-4e86-b1f8-5638253bf619 | error=invoice.paid unable to resolve user
KHM webhook webhook.failed {"event_id":"evt_rate_1","event_type":"invoice.paid","trace_id":"afdfe042-b2db-4e86-b1f8-5638253bf619","error":"invoice.paid unable to resolve user"}
KHM webhook webhook.received {"event_id":"evt_rate_1","event_type":"invoice.paid","latency_ms":0}
KHM webhook webhook.rate_limited {"ip":"198.51.100.77"}
.KHM webhook processing failed | event_id=evt_checkout_missing_tier | type=checkout.session.completed | trace_id=98f5b0a5-611e-456c-99aa-b8f4942769ee | error=checkout.session.completed missing membership tier metadata
KHM webhook webhook.failed {"event_id":"evt_checkout_missing_tier","event_type":"checkout.session.completed","trace_id":"98f5b0a5-611e-456c-99aa-b8f4942769ee","error":"checkout.session.completed missing membership tier metadata"}
KHM webhook webhook.received {"event_id":"evt_checkout_missing_tier","event_type":"checkout.session.completed","latency_ms":0}
KHM webhook processing failed | event_id=evt_checkout_missing_tier | type=checkout.session.completed | trace_id=test-trace | error=checkout.session.completed missing membership tier metadata
KHM webhook webhook.failed {"event_id":"evt_checkout_missing_tier","event_type":"checkout.session.completed","trace_id":"test-trace","error":"checkout.session.completed missing membership tier metadata"}
.KHM webhook processing failed | event_id=evt_invoice_missing_user | type=invoice.paid | trace_id=34012cad-2731-4182-87ab-9a4d2b64a6ba | error=invoice.paid unable to resolve user
KHM webhook webhook.failed {"event_id":"evt_invoice_missing_user","event_type":"invoice.paid","trace_id":"34012cad-2731-4182-87ab-9a4d2b64a6ba","error":"invoice.paid unable to resolve user"}
KHM webhook webhook.received {"event_id":"evt_invoice_missing_user","event_type":"invoice.paid","latency_ms":0}
KHM webhook processing failed | event_id=evt_invoice_missing_user | type=invoice.paid | trace_id=test-trace | error=invoice.paid unable to resolve user
KHM webhook webhook.failed {"event_id":"evt_invoice_missing_user","event_type":"invoice.paid","trace_id":"test-trace","error":"invoice.paid unable to resolve user"}
.KHM webhook membership.renewal {"user_id":321,"invoice_id":"in_replay","subscription_id":"sub_replay"}
KHM webhook membership.email.skipped {"type":"payment","user_id":321,"reason":"transactional_emails_disabled","reference":"invoice:in_replay"}
KHM webhook webhook.processed {"event_id":"evt_replay_1","event_type":"invoice.paid","trace_id":"trace-1","latency_ms":0}
KHM webhook webhook.processed {"event_id":"evt_replay_2","event_type":"invoice.paid","trace_id":"trace-2","latency_ms":0}
.KHM membership security anomaly {"code":"checkout_tier_price_mismatch","message":"Checkout metadata tier\/price mismatch.","context":{"event_id":"evt_checkout_mismatch","session_id":"cs_mismatch","user_id":123,"tier_slug":"pro","stripe_price_id":"price_tampered"}}
KHM webhook webhook.security_anomaly {"code":"checkout_tier_price_mismatch","message":"Checkout metadata tier\/price mismatch.","context":{"event_id":"evt_checkout_mismatch","session_id":"cs_mismatch","user_id":123,"tier_slug":"pro","stripe_price_id":"price_tampered"}}
KHM webhook processing failed | event_id=evt_checkout_mismatch | type=checkout.session.completed | trace_id=924801a8-c460-4b2c-bb08-e8e7cd90dce6 | error=checkout.session.completed tier/price mismatch
KHM webhook webhook.failed {"event_id":"evt_checkout_mismatch","event_type":"checkout.session.completed","trace_id":"924801a8-c460-4b2c-bb08-e8e7cd90dce6","error":"checkout.session.completed tier\/price mismatch"}
KHM webhook webhook.received {"event_id":"evt_checkout_mismatch","event_type":"checkout.session.completed","latency_ms":0}
KHM membership security anomaly {"code":"checkout_tier_price_mismatch","message":"Checkout metadata tier\/price mismatch.","context":{"event_id":"evt_checkout_mismatch","session_id":"cs_mismatch","user_id":123,"tier_slug":"pro","stripe_price_id":"price_tampered"}}
KHM webhook webhook.security_anomaly {"code":"checkout_tier_price_mismatch","message":"Checkout metadata tier\/price mismatch.","context":{"event_id":"evt_checkout_mismatch","session_id":"cs_mismatch","user_id":123,"tier_slug":"pro","stripe_price_id":"price_tampered"}}
KHM webhook processing failed | event_id=evt_checkout_mismatch | type=checkout.session.completed | trace_id=trace-mismatch | error=checkout.session.completed tier/price mismatch
KHM webhook webhook.failed {"event_id":"evt_checkout_mismatch","event_type":"checkout.session.completed","trace_id":"trace-mismatch","error":"checkout.session.completed tier\/price mismatch"}
.KHM webhook membership.subscription_updated {"user_id":901,"subscription_id":"sub_matrix","status":"trial"}
KHM webhook webhook.processed {"event_id":"evt_sub_matrix_0","event_type":"customer.subscription.updated","trace_id":"trace-sub-matrix-0","latency_ms":0}
KHM webhook membership.subscription_updated {"user_id":901,"subscription_id":"sub_matrix","status":"active"}
KHM webhook webhook.processed {"event_id":"evt_sub_matrix_1","event_type":"customer.subscription.updated","trace_id":"trace-sub-matrix-1","latency_ms":0}
KHM webhook membership.subscription_updated {"user_id":901,"subscription_id":"sub_matrix","status":"pending_cancel"}
KHM webhook webhook.processed {"event_id":"evt_sub_matrix_2","event_type":"customer.subscription.updated","trace_id":"trace-sub-matrix-2","latency_ms":0}
KHM webhook membership.subscription_updated {"user_id":901,"subscription_id":"sub_matrix","status":"past_due"}
KHM webhook webhook.processed {"event_id":"evt_sub_matrix_3","event_type":"customer.subscription.updated","trace_id":"trace-sub-matrix-3","latency_ms":0}
KHM webhook membership.subscription_updated {"user_id":901,"subscription_id":"sub_matrix","status":"canceled"}
KHM webhook webhook.processed {"event_id":"evt_sub_matrix_4","event_type":"customer.subscription.updated","trace_id":"trace-sub-matrix-4","latency_ms":0}
.KHM webhook membership.subscription_updated {"user_id":902,"subscription_id":"sub_plan_change","status":"active"}
KHM webhook webhook.processed {"event_id":"evt_sub_plan_change","event_type":"customer.subscription.updated","trace_id":"trace-plan-change","latency_ms":0}
.KHM webhook membership.attribution.confirmed {"user_id":123,"schedule_id":77,"reference":"cs_no_consent","consent":0}
KHM webhook membership.signup {"user_id":123,"tier":235,"attribution_id":"","payment_type":"subscription"}
KHM webhook landing.success {"user_id":123,"schedule_id":77,"sponsor_id":11,"utm_source":"newsletter","utm_campaign":"spring","reference":"cs_no_consent"}
KHM webhook membership.email.skipped {"type":"welcome","user_id":123,"reason":"transactional_emails_disabled","reference":"cs_no_consent"}
KHM webhook membership.email.skipped {"type":"payment","user_id":123,"reason":"transactional_emails_disabled","reference":"session:cs_no_consent"}
KHM webhook webhook.processed {"event_id":"evt_checkout_no_consent","event_type":"checkout.session.completed","trace_id":"091f5e8f-be4a-4e07-a88d-38c867ac02c0","latency_ms":0}
KHM webhook webhook.received {"event_id":"evt_checkout_no_consent","event_type":"checkout.session.completed","latency_ms":0}
.KHM webhook processing failed | event_id=evt_dead_letter_1 | type=invoice.paid | trace_id=trace-dead-letter | error=invoice.paid unable to resolve user
KHM webhook webhook.failed {"event_id":"evt_dead_letter_1","event_type":"invoice.paid","trace_id":"trace-dead-letter","error":"invoice.paid unable to resolve user"}
.KHM webhook webhook.invalid_signature {"code":"khm_invalid_signature","message":"No signatures found matching the expected signature for payload"}
.KHM webhook membership.attribution.created {"user_id":123,"schedule_id":555,"sponsor_id":0,"reference":"cs_temp_fallback_unit"}
KHM webhook membership.attribution.confirmed {"user_id":123,"schedule_id":555,"reference":"cs_temp_fallback_unit","consent":1}
KHM webhook membership.signup {"user_id":123,"tier":249,"attribution_id":"","payment_type":"subscription"}
KHM webhook landing.success {"user_id":123,"schedule_id":555,"sponsor_id":0,"utm_source":"","utm_campaign":"temp_campaign","reference":"cs_temp_fallback_unit"}
KHM webhook membership.email.skipped {"type":"welcome","user_id":123,"reason":"transactional_emails_disabled","reference":"cs_temp_fallback_unit"}
KHM webhook membership.email.skipped {"type":"payment","user_id":123,"reason":"transactional_emails_disabled","reference":"session:cs_temp_fallback_unit"}
KHM webhook webhook.processed {"event_id":"evt_temp_fallback_001","event_type":"checkout.session.completed","trace_id":"e9b57607-f3d6-441c-924e-76d33fa94362","latency_ms":0}
KHM webhook webhook.received {"event_id":"evt_temp_fallback_001","event_type":"checkout.session.completed","latency_ms":0}
.KHM webhook membership.attribution.created {"user_id":123,"schedule_id":555,"sponsor_id":0,"reference":"cs_temp_fallback_unit"}
KHM webhook membership.attribution.confirmed {"user_id":123,"schedule_id":555,"reference":"cs_temp_fallback_unit","consent":1}
KHM webhook membership.signup {"user_id":123,"tier":259,"attribution_id":"","payment_type":"subscription"}
KHM webhook landing.success {"user_id":123,"schedule_id":555,"sponsor_id":0,"utm_source":"","utm_campaign":"temp_campaign","reference":"cs_temp_fallback_unit"}
KHM webhook membership.email.skipped {"type":"welcome","user_id":123,"reason":"transactional_emails_disabled","reference":"cs_temp_fallback_unit"}
KHM webhook membership.email.skipped {"type":"payment","user_id":123,"reason":"transactional_emails_disabled","reference":"session:cs_temp_fallback_unit"}
KHM webhook webhook.processed {"event_id":"evt_temp_fallback_001","event_type":"checkout.session.completed","trace_id":"5c36084a-4749-4d3c-bbe4-f65ce7619a31","latency_ms":0}
KHM webhook webhook.received {"event_id":"evt_temp_fallback_001","event_type":"checkout.session.completed","latency_ms":0}
.KHM webhook membership.attribution.created {"user_id":456,"schedule_id":987,"sponsor_id":54,"reference":"cs_dlq_requeue_integration_001"}
KHM webhook membership.attribution.confirmed {"user_id":456,"schedule_id":987,"reference":"cs_dlq_requeue_integration_001","consent":1}
KHM webhook membership.signup {"user_id":456,"tier":269,"attribution_id":"","payment_type":"subscription"}
KHM webhook landing.success {"user_id":456,"schedule_id":987,"sponsor_id":54,"utm_source":"","utm_campaign":"","reference":"cs_dlq_requeue_integration_001"}
KHM webhook membership.email.skipped {"type":"welcome","user_id":456,"reason":"transactional_emails_disabled","reference":"cs_dlq_requeue_integration_001"}
KHM webhook membership.email.skipped {"type":"payment","user_id":456,"reason":"transactional_emails_disabled","reference":"session:cs_dlq_requeue_integration_001"}
KHM webhook webhook.processed {"event_id":"evt_dlq_requeue_integration_001","event_type":"checkout.session.completed","trace_id":"eb85ed20-8041-4561-93cc-e3c2659aa688","latency_ms":0}
requeue: event=evt_dlq_requeue_integration_001 reconstructed=true attempts=1 reason=success
.requeue: event=evt_requeue_001 reconstructed=true attempts=1 reason=success
..requeue: event=evt_requeue_cli_001 reconstructed=true attempts=1 reason=success
.                                         90 / 90 (100%)

Time: 00:00.368, Memory: 26.00 MB

OK (90 tests, 372 assertions)
