KHM Marketing Suite initialized successfully
[KHM Elementor] Widgets registered. Total widget types: 153
[KHM GEO] AnswerCard block registered at /Users/krisoldland/Local Sites/touchpoint-template-remote/app/public/wp-content/plugins/khm-plugin/src/Blocks/answer-card
[KHM GEO] Registering suggest plugin script: http://touchpoint-template-remote.local/wp-content/plugins/khm-plugin/src/Blocks/answer-card/build/suggest-plugin.js
[KHM GEO] Asset data: Array
(
    [dependencies] => Array
        (
            [0] => react
            [1] => wp-api-fetch
            [2] => wp-blocks
            [3] => wp-components
            [4] => wp-data
            [5] => wp-editor
            [6] => wp-element
            [7] => wp-i18n
            [8] => wp-plugins
            [9] => wp-primitives
        )

    [version] => 4d6ee66f92f71b991080
)

[KHM GEO] Suggest plugin assets registered successfully
KHM Plugin Registry: Successfully registered plugin 'social-strip'
Social Strip successfully registered with KHM Marketing Suite
KHM SEO: init_components start.
KHM SEO: GEO manager status: ready
KHM SEO: Elementor integration disabled via KHM_SEO_DISABLE_ELEMENTOR.
WordPress database error Unknown column 'consent' in 'field list' for query INSERT INTO `wp_promotion_attribution` (`schedule_id`, `sponsor_id`, `user_id`, `user_email`, `utm_source`, `utm_medium`, `utm_campaign`, `utm_term`, `utm_content`, `phase_at_click`, `conversion_type`, `plan_id`, `consent`, `consent_given_at`, `consent_source`, `reference`, `reference_metadata`, `created_at`) VALUES (7001, 81, 1, 'dev-email@wpengine.local', '', '', '', '', '', '', 0, 4, '1', '2026-03-07 23:53:40', 'webhook', 'cs_postmerge_requeue_001', 0, 2026) made by include('phar:///usr/local/bin/wp/php/boot-phar.php'), include('phar:///usr/local/bin/wp/vendor/wp-cli/wp-cli/php/wp-cli.php'), WP_CLI\bootstrap, WP_CLI\Bootstrap\LaunchRunner->process, WP_CLI\Runner->start, WP_CLI\Runner->run_command_and_exit, WP_CLI\Runner->run_command, WP_CLI\Dispatcher\Subcommand->invoke, call_user_func, WP_CLI\Dispatcher\CommandFactory::WP_CLI\Dispatcher\{closure}, call_user_func, KHM\CLI\MembershipWebhookDeadLettersReplayCommand->__invoke, KHM\Services\WebhookService->requeueWebhookEvent, call_user_func, KHM\Services\WebhookService::KHM\Services\{closure}, KHM\Membership\StripeWebhookHandler->process_queued_event, KHM\Membership\StripeWebhookHandler->route_event, KHM\Membership\StripeWebhookHandler->handle_checkout_session_completed, KHM\Membership\StripeWebhookHandler->record_paid_attribution
KHM webhook membership.attribution.created {"user_id":1,"schedule_id":7001,"sponsor_id":81,"reference":"cs_postmerge_requeue_001"}
KHM webhook membership.attribution.confirmed {"user_id":1,"schedule_id":7001,"reference":"cs_postmerge_requeue_001","consent":1}
KHM webhook membership.signup {"user_id":1,"tier":4,"attribution_id":"","payment_type":"subscription"}
KHM webhook landing.success {"user_id":1,"schedule_id":7001,"sponsor_id":81,"utm_source":"","utm_campaign":"","reference":"cs_postmerge_requeue_001"}
WordPress database error Unknown column 'idempotency_key' in 'field list' for query INSERT INTO `wp_khm_email_queue` (`email_log_id`, `idempotency_key`, `template_key`, `recipient`, `subject`, `body`, `headers`, `attachments`, `data`, `priority`, `max_attempts`, `scheduled_at`, `created_at`) VALUES ('8', 'welcome:cs_postmerge_requeue_001', 'welcome', 'dev-email@wpengine.local', 'Welcome to your membership', '<h2>Welcome to Touchpoint-Template, admin</h2>\n\n<p>Your <strong>Premium</strong> membership is now active.</p>\n\n<h3>What happened</h3>\n<ul>\n  <li><strong>Start date:</strong> 2026-03-07</li>\n  <li><strong>Trial end:</strong> </li>\n  <li><strong>Reference:</strong> cs_postmerge_requeue_001</li>\n</ul>\n\n<h3>Attribution details</h3>\n<ul>\n  <li><strong>Schedule:</strong> 7001</li>\n  <li><strong>Sponsor:</strong> </li>\n  <li><strong>Campaign source:</strong> </li>\n</ul>\n\n<h3>Next steps</h3>\n<p>\n  Access your membership dashboard at <a href=\"http://touchpoint-template-remote.local/account/\">http://touchpoint-template-remote.local/account/</a>.\n</p>\n<p>\n  Need help? Contact us at dev-email@wpengine.local and include reference <strong>cs_postmerge_requeue_001</strong>.\n</p>\n\n<p>\n  Manage your email preferences: <a href=\"http://touchpoint-template-remote.local/account/\">http://touchpoint-template-remote.local/account/</a>\n</p>\n', '[\"Content-Type: text\\/html; charset=UTF-8\"]', '[]', '{\"user_name\":\"admin\",\"membership_tier\":\"Premium\",\"start_date\":\"2026-03-07\",\"trial_end\":\"\",\"amount\":\"\",\"currency\":\"GBP\",\"schedule_id\":\"7001\",\"sponsor_name\":\"\",\"utm_source\":\"\",\"reference\":\"cs_postmerge_requeue_001\",\"support_contact\":\"dev-email@wpengine.local\",\"account_url\":\"http:\\/\\/touchpoint-template-remote.local\\/account\\/\",\"preferences_url\":\"http:\\/\\/touchpoint-template-remote.local\\/account\\/\",\"siteurl\":\"http:\\/\\/touchpoint-template-remote.local\",\"sitename\":\"Touchpoint-Template\"}', '5', '3', '2026-03-07 23:53:40', '2026-03-07 23:53:40') made by include('phar:///usr/local/bin/wp/php/boot-phar.php'), include('phar:///usr/local/bin/wp/vendor/wp-cli/wp-cli/php/wp-cli.php'), WP_CLI\bootstrap, WP_CLI\Bootstrap\LaunchRunner->process, WP_CLI\Runner->start, WP_CLI\Runner->run_command_and_exit, WP_CLI\Runner->run_command, WP_CLI\Dispatcher\Subcommand->invoke, call_user_func, WP_CLI\Dispatcher\CommandFactory::WP_CLI\Dispatcher\{closure}, call_user_func, KHM\CLI\MembershipWebhookDeadLettersReplayCommand->__invoke, KHM\Services\WebhookService->requeueWebhookEvent, call_user_func, KHM\Services\WebhookService::KHM\Services\{closure}, KHM\Membership\StripeWebhookHandler->process_queued_event, KHM\Membership\StripeWebhookHandler->route_event, KHM\Membership\StripeWebhookHandler->handle_checkout_session_completed, KHM\Membership\StripeWebhookHandler->maybe_send_welcome_email, KHM\Membership\StripeWebhookHandler->send_membership_email, KHM\Services\EnhancedEmailService->send, KHM\Services\EnhancedEmailService->queue_email
KHM webhook membership.email.failed {"type":"welcome","user_id":1,"error":"send_failed"}
KHM webhook membership.email.sent.failed {"type":"welcome","user_id":1,"error":"send_failed"}
WordPress database error Unknown column 'idempotency_key' in 'field list' for query INSERT INTO `wp_khm_email_queue` (`email_log_id`, `idempotency_key`, `template_key`, `recipient`, `subject`, `body`, `headers`, `attachments`, `data`, `priority`, `max_attempts`, `scheduled_at`, `created_at`) VALUES ('9', 'payment_confirmation:cs_postmerge_requeue_001', 'payment_confirmation', 'dev-email@wpengine.local', 'Your membership payment confirmation', '<h2>Payment confirmation for Premium</h2>\n\n<p>Hi admin,</p>\n\n<p>\n  We have received your payment of <strong>0 GBP</strong>.\n</p>\n\n<h3>Payment details</h3>\n<ul>\n  <li><strong>Reference:</strong> cs_postmerge_requeue_001</li>\n  <li><strong>Schedule:</strong> 7001</li>\n  <li><strong>Sponsor:</strong> </li>\n  <li><strong>Campaign source:</strong> </li>\n</ul>\n\n<h3>Next steps</h3>\n<p>\n  Visit your account dashboard: <a href=\"http://touchpoint-template-remote.local/account/\">http://touchpoint-template-remote.local/account/</a>\n</p>\n<p>\n  If something looks wrong, contact dev-email@wpengine.local and include reference <strong>cs_postmerge_requeue_001</strong>.\n</p>\n\n<p>\n  Manage your email preferences: <a href=\"http://touchpoint-template-remote.local/account/\">http://touchpoint-template-remote.local/account/</a>\n</p>\n', '[\"Content-Type: text\\/html; charset=UTF-8\"]', '[]', '{\"user_name\":\"admin\",\"membership_tier\":\"Premium\",\"start_date\":\"2026-03-07\",\"trial_end\":\"\",\"amount\":0,\"currency\":\"GBP\",\"schedule_id\":\"7001\",\"sponsor_name\":\"\",\"utm_source\":\"\",\"reference\":\"cs_postmerge_requeue_001\",\"support_contact\":\"dev-email@wpengine.local\",\"account_url\":\"http:\\/\\/touchpoint-template-remote.local\\/account\\/\",\"preferences_url\":\"http:\\/\\/touchpoint-template-remote.local\\/account\\/\",\"siteurl\":\"http:\\/\\/touchpoint-template-remote.local\",\"sitename\":\"Touchpoint-Template\"}', '5', '3', '2026-03-07 23:53:40', '2026-03-07 23:53:40') made by include('phar:///usr/local/bin/wp/php/boot-phar.php'), include('phar:///usr/local/bin/wp/vendor/wp-cli/wp-cli/php/wp-cli.php'), WP_CLI\bootstrap, WP_CLI\Bootstrap\LaunchRunner->process, WP_CLI\Runner->start, WP_CLI\Runner->run_command_and_exit, WP_CLI\Runner->run_command, WP_CLI\Dispatcher\Subcommand->invoke, call_user_func, WP_CLI\Dispatcher\CommandFactory::WP_CLI\Dispatcher\{closure}, call_user_func, KHM\CLI\MembershipWebhookDeadLettersReplayCommand->__invoke, KHM\Services\WebhookService->requeueWebhookEvent, call_user_func, KHM\Services\WebhookService::KHM\Services\{closure}, KHM\Membership\StripeWebhookHandler->process_queued_event, KHM\Membership\StripeWebhookHandler->route_event, KHM\Membership\StripeWebhookHandler->handle_checkout_session_completed, KHM\Membership\StripeWebhookHandler->maybe_send_payment_email, KHM\Membership\StripeWebhookHandler->send_membership_email, KHM\Services\EnhancedEmailService->send, KHM\Services\EnhancedEmailService->queue_email
KHM webhook membership.email.failed {"type":"payment","user_id":1,"error":"send_failed"}
KHM webhook membership.email.sent.failed {"type":"payment","user_id":1,"error":"send_failed"}
KHM webhook webhook.processed {"event_id":"evt_postmerge_requeue_001","event_type":"checkout.session.completed","trace_id":"a4853293-8952-44d4-a8f5-06eb402377a2","latency_ms":46}
requeue: event=evt_postmerge_requeue_001 reconstructed=true attempts=1 reason=success
{"status":"success","reason":"requeued","event_id":"evt_postmerge_requeue_001","reconstructed":true,"attempts":1}
Success: Requeued dead-letter event_id=evt_postmerge_requeue_001
